// Vitest Snapshot v1, https://vitest.dev/guide/snapshot.html

exports[`loading skeleton > matches snapshot 1`] = `
<div
  class="max-w-3xl mx-auto p-6 space-y-4 animate-pulse"
>
  <div
    class="h-6 w-40 rounded bg-neutral-200"
  />
  <div
    class="space-y-2"
  >
    <div
      class="h-10 w-full rounded bg-neutral-200"
    />
    <div
      class="h-10 w-full rounded bg-neutral-200"
    />
    <div
      class="h-20 w-full rounded bg-neutral-200"
    />
    <div
      class="h-8 w-24 rounded bg-neutral-200"
    />
  </div>
  <div
    class="space-y-3 pt-6"
  >
    <div
      class="h-24 rounded-xl bg-neutral-200"
    />
    <div
      class="h-24 rounded-xl bg-neutral-200"
    />
  </div>
</div>
`;
